2 2 2 2 2 2 2 2 4 2 3 14 2 2 2 2 2 1 1
2 9 10 2 2 2 2 2 4 2 3 14 2 1 1 1
2 9 10 2 2 2 2 2 2 4 2 3 14
2 2 2 2 2 2 5 6 2 4 2 3 14 2 9 10
2 2 2 2 2 2 4 2 3 14 14 2 9 10 2 1 1
